../Core/Src/main.c:104:5:__io_putchar	16	static
../Core/Src/main.c:113:6:HAL_GPIO_EXTI_Callback	16	static
../Core/Src/main.c:132:5:main	72	static
../Core/Src/main.c:280:6:SystemClock_Config	160	static
../Core/Src/main.c:331:13:MX_ADC2_Init	32	static
../Core/Src/main.c:397:13:MX_I2C1_Init	8	static
../Core/Src/main.c:445:13:MX_TIM1_Init	112	static
../Core/Src/main.c:530:13:MX_TIM2_Init	80	static
../Core/Src/main.c:608:13:MX_USART2_UART_Init	8	static
../Core/Src/main.c:641:13:MX_DMA_Init	16	static
../Core/Src/main.c:659:13:MX_GPIO_Init	48	static
../Core/Src/main.c:724:6:Error_Handler	4	static,ignoring_inline_asm
