../Core/Src/main.c:119:5:__io_putchar	16	static
../Core/Src/main.c:128:6:HAL_GPIO_EXTI_Callback	16	static
../Core/Src/main.c:139:6:HAL_TIM_IC_CaptureCallback	16	static
../Core/Src/main.c:161:6:HAL_TIM_PeriodElapsedCallback	16	static
../Core/Src/main.c:186:5:main	72	static
../Core/Src/main.c:315:6:SystemClock_Config	160	static
../Core/Src/main.c:368:13:MX_ADC2_Init	32	static
../Core/Src/main.c:434:13:MX_I2C1_Init	8	static
../Core/Src/main.c:482:13:MX_TIM1_Init	112	static
../Core/Src/main.c:567:13:MX_TIM2_Init	80	static
../Core/Src/main.c:645:13:MX_TIM3_Init	40	static
../Core/Src/main.c:690:13:MX_USART2_UART_Init	8	static
../Core/Src/main.c:723:13:MX_DMA_Init	16	static
../Core/Src/main.c:741:13:MX_GPIO_Init	48	static
../Core/Src/main.c:806:6:Error_Handler	4	static,ignoring_inline_asm
